L2
0 0 treasure
0 1 treasure
0 2 treasure
0 3 treasure
0 4 treasure
0 5 treasure
0 6 treasure
0 7 treasure
0 8 treasure
0 9 treasure
0 10 treasure
0 11 treasure
0 12 treasure
0 13 treasure
0 14 treasure
0 15 treasure
1 0 treasure
1 1 treasure
1 2 treasure
1 3 treasure
1 4 treasure
1 5 treasure
1 6 treasure
1 7 treasure
1 8 treasure
1 9 treasure
1 10 treasure
1 11 treasure
1 12 treasure
1 13 treasure
1 14 treasure
1 15 treasure
2 0 treasure
2 1 treasure
2 2 treasure
2 3 treasure
2 4 treasure
2 5 treasure
2 6 treasure
2 7 treasure
2 8 treasure
2 9 treasure
2 10 treasure
2 11 treasure
2 12 treasure
2 13 treasure
2 14 treasure
2 15 treasure
3 0 treasure
3 1 treasure
3 2 treasure
3 3 treasure
3 4 treasure
3 5 treasure
3 6 treasure
3 7 treasure
3 8 treasure
3 9 treasure
3 10 treasure
3 11 treasure
3 12 treasure
3 13 treasure
3 14 treasure
3 15 treasure
4 0 treasure
4 1 treasure
4 2 treasure
4 3 treasure
4 4 treasure
4 5 treasure
4 6 treasure
4 7 treasure
4 8 treasure
4 9 treasure
4 10 treasure
4 11 treasure
4 12 treasure
4 13 treasure
4 14 treasure
4 15 treasure
5 0 treasure
5 1 treasure
5 2 treasure
5 3 treasure
5 4 treasure
5 5 treasure
5 6 treasure
5 7 treasure
5 8 treasure
5 9 treasure
5 10 treasure
5 11 treasure
5 12 treasure
5 13 treasure
5 14 treasure
5 15 treasure
6 0 treasure
6 1 treasure
6 2 treasure
6 3 treasure
6 4 treasure
6 5 treasure
6 6 treasure
6 7 treasure
6 8 treasure
6 9 treasure
6 10 treasure
6 11 treasure
6 12 treasure
6 13 treasure
6 14 treasure
6 15 treasure
7 0 treasure
7 1 treasure
7 2 treasure
7 3 treasure
7 4 treasure
7 5 treasure
7 6 treasure
7 7 treasure
7 8 treasure
7 9 treasure
7 10 treasure
7 11 treasure
7 12 treasure
7 13 treasure
7 14 treasure
7 15 treasure
8 0 treasure
8 1 treasure
8 2 treasure
8 3 treasure
8 4 treasure
8 5 treasure
8 6 treasure
8 7 treasure
8 8 treasure
8 9 treasure
8 10 treasure
8 11 treasure
8 12 treasure
8 13 treasure
8 14 treasure
8 15 treasure
9 0 treasure
9 1 treasure
9 2 treasure
9 3 treasure
9 4 treasure
9 5 treasure
9 6 treasure
9 7 treasure
9 8 treasure
9 9 treasure
9 10 treasure
9 11 treasure
9 12 treasure
9 13 treasure
9 14 treasure
9 15 treasure
10 0 treasure
10 1 treasure
10 2 treasure
10 3 treasure
10 4 treasure
10 5 treasure
10 6 treasure
10 7 treasure
10 8 treasure
10 9 treasure
10 10 treasure
10 11 treasure
10 12 treasure
10 13 treasure
10 14 treasure
10 15 treasure
11 0 treasure
11 1 treasure
11 2 treasure
11 3 treasure
11 4 treasure
11 5 treasure
11 6 treasure
11 7 treasure
11 8 treasure
11 9 treasure
11 10 treasure
11 11 treasure
11 12 treasure
11 13 treasure
11 14 treasure
11 15 treasure
12 0 treasure
12 1 treasure
12 2 treasure
12 3 treasure
12 4 treasure
12 5 treasure
12 6 treasure
12 7 treasure
12 8 treasure
12 9 treasure
12 10 treasure
12 11 treasure
12 12 treasure
12 13 treasure
12 14 treasure
12 15 treasure
13 0 treasure
13 1 treasure
13 2 treasure
13 3 treasure
13 4 treasure
13 5 treasure
13 6 treasure
13 7 treasure
13 8 treasure
13 9 treasure
13 10 treasure
13 11 treasure
13 12 treasure
13 13 treasure
13 14 treasure
13 15 treasure
14 0 treasure
14 1 treasure
14 2 treasure
14 3 treasure
14 4 treasure
14 5 treasure
14 6 treasure
14 7 treasure
14 8 treasure
14 9 treasure
14 10 treasure
14 11 treasure
14 12 treasure
14 13 treasure
14 14 treasure
14 15 treasure
15 0 treasure
15 1 treasure
15 2 treasure
15 3 treasure
15 4 treasure
15 5 treasure
15 6 treasure
15 7 treasure
15 8 treasure
15 9 treasure
15 10 treasure
15 11 treasure
15 12 treasure
15 13 treasure
15 14 treasure
15 15 treasure